<?xml version="1.0" encoding="utf-8"?><testsuites><testsuite name="pytest" errors="0" failures="0" skipped="0" tests="9" time="0.532" timestamp="2023-10-17T11:30:42.796100" hostname="alliance"><testcase classname="oc_lettings_site.tests" name="test_should_return_admin_page" time="0.396" /><testcase classname="profiles.tests" name="test_profiles_list_view" time="0.013" /><testcase classname="profiles.tests" name="test_profile_model" time="0.002" /><testcase classname="profiles.tests" name="test_profile_detail_url" time="0.002" /><testcase classname="profiles.tests" name="test_profiles_detail_view" time="0.013" /><testcase classname="oc_lettings_site.tests" name="test_homepage_view" time="0.010" /><testcase classname="oc_lettings_site.tests" name="test_homepage_url" time="0.001" /><testcase classname="oc_lettings_site.tests" name="test_404" time="0.010" /><testcase classname="profiles.tests" name="test_profiles_list_url" time="0.002" /></testsuite></testsuites>